// Jest Snapshot v1, https://goo.gl/fbAQLP

exports[`SsrsReporting tests Should render a loading spinner before rendering the landing page. 1`] = `
<LoadingSpinner
  msg="Loading app..."
  wrapperClassName="loading-spinner"
/>
`;

exports[`SsrsReporting tests Should render the landing page. 1`] = `
<div>
  <div
    className="parent-panel"
  >
    <div
      className="report-div"
    >
      <ReportSelectionPanel
        handleChange={[Function]}
        reportList={
          Array [
            Object {
              "description": "Clinical admissions over 21 days",
              "id": 1,
              "label": "Long Term Clinic Admissions",
              "parameters": "",
              "rsParameters": "&rs:Command=Render",
              "value": "LabkeyReports/LongTermClinic",
            },
            Object {
              "description": "Last TB test and physical exams that are over 180 days",
              "id": 2,
              "label": "Overdue TB and Physical",
              "parameters": "",
              "rsParameters": "&rs:Command=Render",
              "value": "CenterReports/Routine%20Health/OverduePhyTB",
            },
            Object {
              "description": "Baboon infants that are ready to be weaned",
              "id": 3,
              "label": "Baboon weaning",
              "parameters": "",
              "rsParameters": "&rs:Command=Render",
              "value": "ColonyReports/Boon_weaning",
            },
            Object {
              "description": "Rhesus infants that are ready to be weaned",
              "id": 4,
              "label": "Rhesus SPF weaning",
              "parameters": "",
              "rsParameters": "&rs:Command=Render",
              "value": "ColonyReports/rh2_weaning",
            },
            Object {
              "description": "Colony census as of today",
              "id": 5,
              "label": "Colony Census (current)",
              "parameters": "",
              "rsParameters": "&rs:Command=Render",
              "value": "testReport1",
            },
            Object {
              "description": "Colony census on a specific date",
              "id": 6,
              "label": "Colony Census (select date)",
              "parameters": "targetDate:Date:Target Date",
              "rsParameters": "&rs:Command=Render",
              "value": "testReport2",
            },
            Object {
              "description": "Birth certificate for animal",
              "id": 7,
              "label": "Birth record report",
              "parameters": "TargetID:string:Animal Id",
              "rsParameters": "&rc:Parameters=Collapsed",
              "value": "Development/BirthRecord",
            },
            Object {
              "description": "Target Date is used to determine 3yr period.",
              "id": 8,
              "label": "IACUC 3yr Rollover (Standard)",
              "parameters": "IACUC:string:IACUC, TargetDate:Date:Target Date",
              "rsParameters": "&rc:Parameters=Collapsed",
              "value": "CenterReports/IACUC/3YrRollover&Mode=1",
            },
            Object {
              "description": "Target Date sets the end date.  Start date is 3 years before target date.",
              "id": 8,
              "label": "IACUC 3yr Rollover (Backdate)",
              "parameters": "IACUC:string:IACUC, TargetDate:Date:Target Date",
              "rsParameters": "&rc:Parameters=Collapsed",
              "value": "CenterReports/IACUC/3YrRollover&Mode=2",
            },
            Object {
              "description": "Target date sets the end date.  Start date is the start date before the target date. Could result in more or less than 3 yrs.",
              "id": 10,
              "label": "IACUC 3yr Rollover (Harddate)",
              "parameters": "IACUC:string:IACUC, TargetDate:Date:Target Date",
              "rsParameters": "&rc:Parameters=Collapsed",
              "value": "CenterReports/IACUC/3YrRollover&Mode=3",
            },
          ]
        }
      />
    </div>
    <div
      className="panel-heading"
    >
      <p>
        Report Description and Parameters
      </p>
    </div>
    <div
      className="wizard-panel"
    >
      <ReportParmsPanel
        handleParmChange={[Function]}
      />
    </div>
    <InfoPanel
      errorMessages=""
      infoMessages={
        Array [
          Object {
            "key": 1,
            "value": "Select a report, enter parameters, and then press the print button",
          },
        ]
      }
    />
  </div>
  <div
    className="wizard-footer"
  >
    <Button
      active={false}
      block={false}
      bsClass="btn"
      bsStyle="primary"
      disabled={false}
      onClick={[Function]}
    >
      Print Report
       
      <i
        aria-hidden="true"
        className="fa fa-print"
      />
    </Button>
    <Button
      active={false}
      block={false}
      bsClass="btn"
      bsStyle="default"
      disabled={false}
      onClick={[Function]}
    >
      Quit
    </Button>
  </div>
</div>
`;
