// Jest Snapshot v1, https://goo.gl/fbAQLP

exports[`Should render the WrappedDatePicker 1`] = `
<Fragment>
  <label
    className="field-label"
  >
    Acquisition Date
  </label>
  <r
    allowSameDay={false}
    customInput={<DatePickerInput />}
    customTimeInput={null}
    dateFormat="Pp"
    dateFormatCalendar="LLLL yyyy"
    disabled={false}
    disabledKeyboardNavigation={false}
    dropdownMode="select"
    enableTabLoop={true}
    excludeScrollbar={true}
    focusSelectedMonth={false}
    id="date-picker"
    maxDate={2023-01-01T00:00:00.000Z}
    monthsShown={1}
    nextMonthButtonLabel="Next Month"
    nextYearButtonLabel="Next Year"
    onBlur={[Function]}
    onCalendarClose={[Function]}
    onCalendarOpen={[Function]}
    onChange={[Function]}
    onClickOutside={[Function]}
    onFocus={[Function]}
    onInputClick={[Function]}
    onInputError={[Function]}
    onKeyDown={[Function]}
    onMonthChange={[Function]}
    onSelect={[Function]}
    onYearChange={[Function]}
    popperPlacement="bottom"
    preventOpenOnFocus={false}
    previousMonthButtonLabel="Previous Month"
    previousYearButtonLabel="Previous Year"
    readOnly={false}
    renderDayContents={[Function]}
    selected={2023-01-01T00:00:00.000Z}
    shouldCloseOnSelect={true}
    showFourColumnMonthYearPicker={false}
    showFullMonthYearPicker={false}
    showMonthDropdown={true}
    showMonthYearPicker={false}
    showPopperArrow={true}
    showPreviousMonths={false}
    showQuarterYearPicker={false}
    showTimeInput={false}
    showTimeSelect={true}
    showTwoColumnMonthYearPicker={false}
    showYearDropdown={true}
    showYearPicker={false}
    strictParsing={false}
    timeCaption="Time"
    timeFormat="p"
    timeInputLabel="Time"
    timeIntervals={30}
    todayButton="Today"
    withPortal={false}
    yearItemNumber={12}
  />
</Fragment>
`;
