// Jest Snapshot v1, https://goo.gl/fbAQLP

exports[`SummaryGridPanel tests Should render empty SummaryGridPanel. 1`] = `
<Fragment>
  <div
    className="id-table-scroll"
  >
    <Table
      bordered={true}
      bsClass="table"
      condensed={true}
      hover={true}
      responsive={true}
      striped={false}
    >
      <thead>
        <tr>
          <th>
            Animal Id
          </th>
          <th>
            Chip Id
          </th>
          <th>
            Date
          </th>
          <th>
            temperature
          </th>
          <th>
            location
          </th>
        </tr>
      </thead>
      <tbody>
        <SummaryGridItem
          key="12345.5000 "
          row={
            Object {
              "animalId": Object {
                "location": "2.00-42",
                "time": "2020-08-18T16:47:44.704Z",
                "url": "/labkey/ehr/SNPRC/participantView.view?participantId=12345",
                "value": "12345",
              },
              "chipId": "1C45433F",
              "temperature": "<25.0",
            }
          }
        />
        <SummaryGridItem
          key="11111.5000 "
          row={
            Object {
              "animalId": Object {
                "location": "2.00-42",
                "time": "2020-08-18T16:48:53.150Z",
                "url": "/labkey/ehr/SNPRC/participantView.view?participantId=11111",
                "value": "11111",
              },
              "chipId": "2C45433F",
              "temperature": "26.2",
            }
          }
        />
        <SummaryGridItem
          key="22222.5000 "
          row={
            Object {
              "animalId": Object {
                "location": "2.00-42",
                "time": "2020-08-18T16:49:56.729Z",
                "url": "/labkey/ehr/SNPRC/participantView.view?participantId=22222",
                "value": "22222",
              },
              "chipId": "3C45433F",
              "temperature": "26.3",
            }
          }
        />
      </tbody>
    </Table>
  </div>
</Fragment>
`;
