// Jest Snapshot v1, https://goo.gl/fbAQLP

exports[`Should render the DemographicsPanel 1`] = `
<Fragment>
  <div
    className="wizard-panel__rows"
  >
    <div
      className="wizard-panel__row"
    >
      <div
        className="wizard-panel__col"
      >
        <WrappedDatePicker
          dateFormat="Pp"
          disabled={false}
          label="Birthdate"
          maxDate={2023-01-01T00:00:00.000Z}
          onChange={[Function]}
          onSelect={[Function]}
          selected={2023-01-01T00:00:00.000Z}
          showTimeSelect={true}
          timeFormat="p"
          timeIntervals={30}
          todayButton="Today"
        />
      </div>
    </div>
    <div
      className="wizard-panel__row"
    >
      <div
        className="wizard-panel__col"
      >
        <label
          className="field-label"
        >
          Birthdate Status
        </label>
        <ForwardRef
          autoFocus={true}
          className="shared-dropdown"
          classNamePrefix="shared-select"
          id="bdStatus-select"
          isClearable={true}
          isDisabled={false}
          isLoading={false}
          onChange={[Function]}
          options={
            [
              {
                "id": 0,
                "label": "Day/Month/Year OK",
                "value": 0,
              },
              {
                "id": 1,
                "label": "Month/Year OK",
                "value": 1,
              },
            ]
          }
          placeholder="Select Birthdate Status"
        />
      </div>
    </div>
    <div
      className="wizard-panel__row"
    >
      <div
        className="wizard-panel__col"
      >
        <label
          className="field-label"
        >
          Gender
        </label>
        <ForwardRef
          className="shared-dropdown"
          classNamePrefix="shared-select"
          id="gender-select"
          isClearable={true}
          isDisabled={false}
          onChange={[Function]}
          options={
            [
              {
                "label": "Female",
                "value": "F",
              },
              {
                "label": "Male",
                "value": "M",
              },
              {
                "label": "Unknown",
                "value": "U",
              },
            ]
          }
          placeholder="Select Gender"
        />
      </div>
    </div>
    <div
      className="wizard-panel__row"
    >
      <div
        className="wizard-panel__col"
      >
        <label
          className="field-label"
        >
          Dam
        </label>
        <ForwardRef
          className="shared-dropdown"
          classNamePrefix="shared-select"
          id="dam-select"
          isClearable={true}
          isDisabled={false}
          isLoading={false}
          onChange={[Function]}
          options={
            [
              {
                "Age": 24.7,
                "ArcSpeciesCode": "PC",
                "id": 0,
                "label": "12924",
                "value": "12924",
              },
              {
                "Age": 21.8,
                "ArcSpeciesCode": "PC",
                "id": 1,
                "label": "12925",
                "value": "12925",
              },
            ]
          }
          placeholder="Select Dam"
        />
      </div>
    </div>
    <div
      className="wizard-panel__row"
    >
      <div
        className="wizard-panel__col"
      >
        <label
          className="field-label"
        >
          Sire
        </label>
        <ForwardRef
          className="shared-dropdown"
          classNamePrefix="shared-select"
          id="sire-select"
          isClearable={true}
          isDisabled={false}
          isLoading={false}
          onChange={[Function]}
          options={
            [
              {
                "Age": 22.8,
                "ArcSpeciesCode": "PC",
                "id": 0,
                "label": "14022",
                "value": "14022",
              },
              {
                "Age": 19.8,
                "ArcSpeciesCode": "PC",
                "id": 1,
                "label": "14023",
                "value": "14023",
              },
            ]
          }
          placeholder="Select Sire"
        />
      </div>
    </div>
  </div>
  <InfoPanel
    messages={
      [
        {
          "colName": "Birthdate Status",
          "propTest": true,
        },
        {
          "colName": "Gender",
          "propTest": true,
        },
      ]
    }
  />
</Fragment>
`;
