// Jest Snapshot v1, https://goo.gl/fbAQLP

exports[`Should render the SpeciesPanel 1`] = `
<div
  className="wizard-panel__rows"
>
  <div
    className="wizard-panel__row"
  >
    <div
      className="wizard-panel__col radio-div"
    >
      <label
        className="field-label-align-top"
      >
        Acquisition Type
      </label>
      <FormGroup
        bsClass="form-group"
        disabled={false}
        id="acquisition-radio-group"
      >
        <Radio
          bsClass="radio"
          checked={false}
          className="species-radio"
          disabled={false}
          inline={true}
          name="acqType"
          onChange={[Function]}
          title=""
          value="Birth"
        >
          Birth
        </Radio>
        <Radio
          bsClass="radio"
          checked={false}
          className="species-radio"
          disabled={false}
          inline={true}
          name="acqType"
          onChange={[Function]}
          title=""
          value="Acquisition"
        >
          Other Acquisition
        </Radio>
      </FormGroup>
    </div>
    <div
      className="wizard-panel__col"
    >
      <label
        className="field-label-align-close"
      >
        Species
      </label>
      <StateManager
        className="shared-dropdown shared-dropdown__species_width"
        classNamePrefix="shared-select"
        defaultInputValue=""
        defaultMenuIsOpen={false}
        defaultValue={null}
        id="species-select"
        isDisabled={false}
        isLoading={false}
        onChange={[Function]}
        options={
          Array [
            Object {
              "arcSpeciesCode": "PC",
              "id": 10,
              "label": "PCA (PC) - Papio hamadryas anubis/Baboon",
              "value": "PCA",
            },
            Object {
              "arcSpeciesCode": "MM",
              "id": 11,
              "label": "MML (MM) - Macaca mulatta/Rhesus",
              "value": "MML",
            },
          ]
        }
        placeholder="Select Species"
      />
    </div>
  </div>
</div>
`;
